[    3036ms] [ERROR] Failed to load resource: the server responded with a status of 500 (Internal Server Error) @ http://localhost:3001/queue:0
[    3331ms] [INFO] %cDownload the React DevTools for a better development experience: https://react.dev/link/react-devtools font-weight:bold @ webpack-internal:///(pages-dir-browser)/./node_modules/react-dom/cjs/react-dom-client.development.js:28004
[    3481ms] Error: ENOENT: no such file or directory, open 'C:\AntiGravity Projects\College\Website\KisanSetu\admin panel\.next\server\pages\_document.js'
    at Object.readFileSync (node:fs:441:20)
    at defaultLoadImpl (node:internal/modules/cjs/loader:1168:17)
    at loadSource (node:internal/modules/cjs/loader:1856:20)
    at Object..js (node:internal/modules/cjs/loader:1954:44)
    at Module.load (node:internal/modules/cjs/loader:1553:32)
    at Module._load (node:internal/modules/cjs/loader:1355:12)
    at wrapModuleLoad (node:internal/modules/cjs/loader:255:19)
    at Module.<anonymous> (node:internal/modules/cjs/loader:1576:12)
    at mod.require (file://C:\AntiGravity Projects\College\Website\KisanSetu\admin panel\node_modules\next\dist\server\require-hook.js:68:28)
    at require (node:internal/modules/helpers:153:16)
    at requirePage (file://C:\AntiGravity Projects\College\Website\KisanSetu\admin panel\node_modules\next\dist\server\require.js:99:80)
    at loadComponentsImpl (file://C:\AntiGravity Projects\College\Website\KisanSetu\admin panel\node_modules\next\dist\server\load-components.js:86:38)
    at DevServer.findPageComponentsImpl (file://C:\AntiGravity Projects\College\Website\KisanSetu\admin panel\node_modules\next\dist\server\next-server.js:900:77)
    at <unknown> (file://C:\AntiGravity Projects\College\Website\KisanSetu\admin panel\node_modules\next\dist\server\next-server.js:878:21)
    at <unknown> (file://C:\AntiGravity Projects\College\Website\KisanSetu\admin panel\node_modules\next\dist\server\lib\trace\tracer.js:184:36)
    at NoopContextManager.with (file://C:\AntiGravity Projects\College\Website\KisanSetu\admin panel\node_modules\next\dist\compiled\@opentelemetry\api\index.js:1:7062)
    at ContextAPI.with (file://C:\AntiGravity Projects\College\Website\KisanSetu\admin panel\node_modules\next\dist\compiled\@opentelemetry\api\index.js:1:518)
    at NoopTracer.startActiveSpan (file://C:\AntiGravity Projects\College\Website\KisanSetu\admin panel\node_modules\next\dist\compiled\@opentelemetry\api\index.js:1:18093)
    at ProxyTracer.startActiveSpan (file://C:\AntiGravity Projects\College\Website\KisanSetu\admin panel\node_modules\next\dist\compiled\@opentelemetry\api\index.js:1:18854)
    at <unknown> (file://C:\AntiGravity Projects\College\Website\KisanSetu\admin panel\node_modules\next\dist\server\lib\trace\tracer.js:153:103)
    at NoopContextManager.with (file://C:\AntiGravity Projects\College\Website\KisanSetu\admin panel\node_modules\next\dist\compiled\@opentelemetry\api\index.js:1:7062)
    at ContextAPI.with (file://C:\AntiGravity Projects\College\Website\KisanSetu\admin panel\node_modules\next\dist\compiled\@opentelemetry\api\index.js:1:518)
    at NextTracerImpl.trace (file://C:\AntiGravity Projects\College\Website\KisanSetu\admin panel\node_modules\next\dist\server\lib\trace\tracer.js:153:28)
    at DevServer.findPageComponents (file://C:\AntiGravity Projects\College\Website\KisanSetu\admin panel\node_modules\next\dist\server\next-server.js:873:41)
    at DevServer.findPageComponents (file://C:\AntiGravity Projects\College\Website\KisanSetu\admin panel\node_modules\next\dist\server\dev\next-dev-server.js:706:28)
    at async DevServer.renderErrorToResponseImpl (file://C:\AntiGravity Projects\College\Website\KisanSetu\admin panel\node_modules\next\dist\server\base-server.js:1695:26)
    at async pipe.req.req (file://C:\AntiGravity Projects\College\Website\KisanSetu\admin panel\node_modules\next\dist\server\base-server.js:1618:30)
    at async DevServer.pipeImpl (file://C:\AntiGravity Projects\College\Website\KisanSetu\admin panel\node_modules\next\dist\server\base-server.js:1026:25)
    at async NextNodeServer.handleCatchallRenderRequest (file://C:\AntiGravity Projects\College\Website\KisanSetu\admin panel\node_modules\next\dist\server\next-server.js:409:21)
    at async DevServer.handleRequestImpl (file://C:\AntiGravity Projects\College\Website\KisanSetu\admin panel\node_modules\next\dist\server\base-server.js:917:17)
    at async (file://C:\AntiGravity Projects\College\Website\KisanSetu\admin panel\node_modules\next\dist\server\dev\next-dev-server.js:400:20)
    at async Span.traceAsyncFn (file://C:\AntiGravity Projects\College\Website\KisanSetu\admin panel\node_modules\next\dist\trace\trace.js:157:20)
    at async DevServer.handleRequest (file://C:\AntiGravity Projects\College\Website\KisanSetu\admin panel\node_modules\next\dist\server\dev\next-dev-server.js:396:24)
    at async invokeRender (file://C:\AntiGravity Projects\College\Website\KisanSetu\admin panel\node_modules\next\dist\server\lib\router-server.js:240:21)
    at async handleRequest (file://C:\AntiGravity Projects\College\Website\KisanSetu\admin panel\node_modules\next\dist\server\lib\router-server.js:437:24)
    at async requestHandlerImpl (file://C:\AntiGravity Projects\College\Website\KisanSetu\admin panel\node_modules\next\dist\server\lib\router-server.js:485:13)
    at async Server.requestListener (file://C:\AntiGravity Projects\College\Website\KisanSetu\admin panel\node_modules\next\dist\server\lib\start-server.js:226:13)
[    3480ms] [LOG] [HMR] connected @ webpack-internal:///(pages-dir-browser)/./node_modules/next/dist/client/dev/hot-reloader/pages/websocket.js:45
[   37353ms] [ERROR] Failed to load resource: the server responded with a status of 404 (Not Found) @ http://localhost:3001/_next/static/webpack/c8b8713d2404d01a.webpack.hot-update.json:0
[   37354ms] [WARNING] [Fast Refresh] performing full reload because your application had an unrecoverable error @ webpack-internal:///(pages-dir-browser)/./node_modules/next/dist/client/dev/hot-reloader/pages/hot-reloader-pages.js:347
[   38214ms] [ERROR] Failed to load resource: the server responded with a status of 500 (Internal Server Error) @ http://localhost:3001/queue:0
